@@ -1,4 +1,4 @@
-old_specific_0
+new_specific_0
 common_line_1
 common_line_2
 common_line_3
@@ -18,7 +18,7 @@
 common_line_17
 common_line_18
 common_line_19
-old_specific_20
+new_specific_20
 common_line_21
 common_line_22
 common_line_23
@@ -38,7 +38,7 @@
 common_line_37
 common_line_38
 common_line_39
-old_specific_40
+new_specific_40
 common_line_41
 common_line_42
 common_line_43
@@ -58,7 +58,7 @@
 common_line_57
 common_line_58
 common_line_59
-old_specific_60
+new_specific_60
 common_line_61
 common_line_62
 common_line_63
@@ -78,7 +78,7 @@
 common_line_77
 common_line_78
 common_line_79
-old_specific_80
+new_specific_80
 common_line_81
 common_line_82
 common_line_83
@@ -98,7 +98,7 @@
 common_line_97
 common_line_98
 common_line_99
-old_specific_100
+new_specific_100
 common_line_101
 common_line_102
 common_line_103
@@ -118,7 +118,7 @@
 common_line_117
 common_line_118
 common_line_119
-old_specific_120
+new_specific_120
 common_line_121
 common_line_122
 common_line_123
@@ -138,7 +138,7 @@
 common_line_137
 common_line_138
 common_line_139
-old_specific_140
+new_specific_140
 common_line_141
 common_line_142
 common_line_143
@@ -158,7 +158,7 @@
 common_line_157
 common_line_158
 common_line_159
-old_specific_160
+new_specific_160
 common_line_161
 common_line_162
 common_line_163
@@ -178,7 +178,7 @@
 common_line_177
 common_line_178
 common_line_179
-old_specific_180
+new_specific_180
 common_line_181
 common_line_182
 common_line_183
